Archive member included because of file (symbol)

.\CortexM0\ARM_GCC_473\Debug\USB-UART.a(cyfitter_cfg.o)
                              .\CortexM0\ARM_GCC_473\Debug\Cm0Start.o (cyfitter_cfg)
.\CortexM0\ARM_GCC_473\Debug\USB-UART.a(UART.o)
                              .\CortexM0\ARM_GCC_473\Debug\main.o (UART_Start)
.\CortexM0\ARM_GCC_473\Debug\USB-UART.a(UART_SPI_UART.o)
                              .\CortexM0\ARM_GCC_473\Debug\main.o (UART_SpiUartWriteTxData)
.\CortexM0\ARM_GCC_473\Debug\USB-UART.a(UART_UART.o)
                              .\CortexM0\ARM_GCC_473\Debug\USB-UART.a(UART.o) (UART_UartInit)
.\CortexM0\ARM_GCC_473\Debug\USB-UART.a(CyBootAsmGnu.o)
                              .\CortexM0\ARM_GCC_473\Debug\USB-UART.a(cyfitter_cfg.o) (CyDelayCycles)
.\CortexM0\ARM_GCC_473\Debug\USB-UART.a(CyLib.o)
                              .\CortexM0\ARM_GCC_473\Debug\USB-UART.a(cyfitter_cfg.o) (CyDelayUs)
.\CortexM0\ARM_GCC_473\Debug\USB-UART.a(CapSense.o)
                              .\CortexM0\ARM_GCC_473\Debug\main.o (CapSense_Start)
.\CortexM0\ARM_GCC_473\Debug\USB-UART.a(CapSense_CSHL.o)
                              .\CortexM0\ARM_GCC_473\Debug\USB-UART.a(CapSense.o) (CapSense_rawDataIndex)
.\CortexM0\ARM_GCC_473\Debug\USB-UART.a(CapSense_INT.o)
                              .\CortexM0\ARM_GCC_473\Debug\USB-UART.a(CapSense.o) (CapSense_ISR)
.\CortexM0\ARM_GCC_473\Debug\USB-UART.a(CapSense_SampleClk.o)
                              .\CortexM0\ARM_GCC_473\Debug\USB-UART.a(CapSense.o) (CapSense_SampleClk_Start)
.\CortexM0\ARM_GCC_473\Debug\USB-UART.a(CapSense_SenseClk.o)
                              .\CortexM0\ARM_GCC_473\Debug\USB-UART.a(CapSense.o) (CapSense_SenseClk_Start)
c:/program files/cypress/psoc creator/3.0/psoc creator/import/gnu_cs/arm/4.7.3/bin/../lib/gcc/arm-none-eabi/4.7.3/armv6-m\libgcc.a(_udivsi3.o)
                              .\CortexM0\ARM_GCC_473\Debug\USB-UART.a(CyLib.o) (__aeabi_uidiv)
c:/program files/cypress/psoc creator/3.0/psoc creator/import/gnu_cs/arm/4.7.3/bin/../lib/gcc/arm-none-eabi/4.7.3/armv6-m\libgcc.a(_divsi3.o)
                              .\CortexM0\ARM_GCC_473\Debug\Cm0Start.o (__aeabi_idiv)
c:/program files/cypress/psoc creator/3.0/psoc creator/import/gnu_cs/arm/4.7.3/bin/../lib/gcc/arm-none-eabi/4.7.3/armv6-m\libgcc.a(_dvmd_tls.o)
                              c:/program files/cypress/psoc creator/3.0/psoc creator/import/gnu_cs/arm/4.7.3/bin/../lib/gcc/arm-none-eabi/4.7.3/armv6-m\libgcc.a(_udivsi3.o) (__aeabi_idiv0)
c:/program files/cypress/psoc creator/3.0/psoc creator/import/gnu_cs/arm/4.7.3/bin/../lib/gcc/arm-none-eabi/4.7.3/../../../../arm-none-eabi/lib/armv6-m\libc_s.a(lib_a-__atexit2.o)
                              c:/program files/cypress/psoc creator/3.0/psoc creator/import/gnu_cs/arm/4.7.3/bin/../lib/gcc/arm-none-eabi/4.7.3/../../../../arm-none-eabi/lib/armv6-m/crt0.o (__register_exitproc)
c:/program files/cypress/psoc creator/3.0/psoc creator/import/gnu_cs/arm/4.7.3/bin/../lib/gcc/arm-none-eabi/4.7.3/../../../../arm-none-eabi/lib/armv6-m\libc_s.a(lib_a-exit.o)
                              c:/program files/cypress/psoc creator/3.0/psoc creator/import/gnu_cs/arm/4.7.3/bin/../lib/gcc/arm-none-eabi/4.7.3/../../../../arm-none-eabi/lib/armv6-m/crt0.o (exit)
c:/program files/cypress/psoc creator/3.0/psoc creator/import/gnu_cs/arm/4.7.3/bin/../lib/gcc/arm-none-eabi/4.7.3/../../../../arm-none-eabi/lib/armv6-m\libc_s.a(lib_a-fini.o)
                              c:/program files/cypress/psoc creator/3.0/psoc creator/import/gnu_cs/arm/4.7.3/bin/../lib/gcc/arm-none-eabi/4.7.3/../../../../arm-none-eabi/lib/armv6-m/crt0.o (__libc_fini_array)
c:/program files/cypress/psoc creator/3.0/psoc creator/import/gnu_cs/arm/4.7.3/bin/../lib/gcc/arm-none-eabi/4.7.3/../../../../arm-none-eabi/lib/armv6-m\libc_s.a(lib_a-impure.o)
                              c:/program files/cypress/psoc creator/3.0/psoc creator/import/gnu_cs/arm/4.7.3/bin/../lib/gcc/arm-none-eabi/4.7.3/../../../../arm-none-eabi/lib/armv6-m\libc_s.a(lib_a-exit.o) (_global_impure_ptr)
c:/program files/cypress/psoc creator/3.0/psoc creator/import/gnu_cs/arm/4.7.3/bin/../lib/gcc/arm-none-eabi/4.7.3/../../../../arm-none-eabi/lib/armv6-m\libc_s.a(lib_a-init.o)
                              c:/program files/cypress/psoc creator/3.0/psoc creator/import/gnu_cs/arm/4.7.3/bin/../lib/gcc/arm-none-eabi/4.7.3/../../../../arm-none-eabi/lib/armv6-m/crt0.o (__libc_init_array)
c:/program files/cypress/psoc creator/3.0/psoc creator/import/gnu_cs/arm/4.7.3/bin/../lib/gcc/arm-none-eabi/4.7.3/../../../../arm-none-eabi/lib/armv6-m\libc_s.a(lib_a-memcpy.o)
                              .\CortexM0\ARM_GCC_473\Debug\USB-UART.a(cyfitter_cfg.o) (memcpy)
c:/program files/cypress/psoc creator/3.0/psoc creator/import/gnu_cs/arm/4.7.3/bin/../lib/gcc/arm-none-eabi/4.7.3/../../../../arm-none-eabi/lib/armv6-m\libc_s.a(lib_a-memset.o)
[...]
Memory Configuration

Name             Origin             Length             Attributes
rom              0x00000000         0x00008000         xr
ram              0x20000000         0x00001000         xrw
*default*        0x00000000         0xffffffff

Linker script and memory map

LOAD c:/program files/cypress/psoc creator/3.0/psoc creator/import/gnu_cs/arm/4.7.3/bin/../lib/gcc/arm-none-eabi/4.7.3/armv6-m/crti.o
LOAD c:/program files/cypress/psoc creator/3.0/psoc creator/import/gnu_cs/arm/4.7.3/bin/../lib/gcc/arm-none-eabi/4.7.3/armv6-m/crtbegin.o
LOAD c:/program files/cypress/psoc creator/3.0/psoc creator/import/gnu_cs/arm/4.7.3/bin/../lib/gcc/arm-none-eabi/4.7.3/../../../../arm-none-eabi/lib/armv6-m/crt0.o
START GROUP
LOAD .\CortexM0\ARM_GCC_473\Debug\main.o
LOAD .\CortexM0\ARM_GCC_473\Debug\Cm0Start.o
LOAD .\CortexM0\ARM_GCC_473\Debug\cybootloader.o
LOAD .\CortexM0\ARM_GCC_473\Debug\cymetadata.o
LOAD .\CortexM0\ARM_GCC_473\Debug\USB-UART.a
LOAD C:\Program Files\Cypress\PSoC Creator\3.0\PSoC Creator\psoc\content\cycomponentlibrary\CyComponentLibrary.cylib\CortexM0\ARM_GCC_473\Debug\CyComponentLibrary.a
END GROUP
START GROUP
LOAD c:/program files/cypress/psoc creator/3.0/psoc creator/import/gnu_cs/arm/4.7.3/bin/../lib/gcc/arm-none-eabi/4.7.3/armv6-m\libgcc.a
LOAD c:/program files/cypress/psoc creator/3.0/psoc creator/import/gnu_cs/arm/4.7.3/bin/../lib/gcc/arm-none-eabi/4.7.3/../../../../arm-none-eabi/lib/armv6-m\libc_s.a
END GROUP
LOAD c:/program files/cypress/psoc creator/3.0/psoc creator/import/gnu_cs/arm/4.7.3/bin/../lib/gcc/arm-none-eabi/4.7.3/armv6-m/crtend.o
LOAD c:/program files/cypress/psoc creator/3.0/psoc creator/import/gnu_cs/arm/4.7.3/bin/../lib/gcc/arm-none-eabi/4.7.3/armv6-m/crtn.o
START GROUP
LOAD c:/program files/cypress/psoc creator/3.0/psoc creator/import/gnu_cs/arm/4.7.3/bin/../lib/gcc/arm-none-eabi/4.7.3/armv6-m\libgcc.a
LOAD c:/program files/cypress/psoc creator/3.0/psoc creator/import/gnu_cs/arm/4.7.3/bin/../lib/gcc/arm-none-eabi/4.7.3/../../../../arm-none-eabi/lib/armv6-m\libc.a
LOAD c:/program files/cypress/psoc creator/3.0/psoc creator/import/gnu_cs/arm/4.7.3/bin/../lib/gcc/arm-none-eabi/4.7.3/../../../../arm-none-eabi/lib/armv6-m\libnosys.a
END GROUP
                0x00000000                CY_APPL_ORIGIN = 0x0
                0x00000080                CY_FLASH_ROW_SIZE = 0x80
                0x00000001                CY_APPL_NUM = 0x1
                0x00000040                CY_METADATA_SIZE = 0x40
                0x20000200                PROVIDE (__cy_heap_start, _end)
                0x00000001                PROVIDE (__cy_region_num, ((__cy_regions_end - __cy_regions) / 0x10))
                0x20001000                PROVIDE (__cy_stack, (ORIGIN (ram) + 0x1000))
                0x20000c00                PROVIDE (__cy_heap_end, (__cy_stack - 0x400))

.cybootloader   0x00000000     0x1080
 *(.cybootloader)
 .cybootloader  0x00000000     0x1080 .\CortexM0\ARM_GCC_473\Debug\cybootloader.o
                0x00000000                cy_bootloader
                0x00001080                appl1_start = CY_APPL_ORIGIN?CY_APPL_ORIGIN:ALIGN (CY_FLASH_ROW_SIZE)
                0x00004800                appl2_start = (appl1_start + ALIGN ((((0x8000 - appl1_start) - (0x2 * CY_FLASH_ROW_SIZE)) / 0x2), CY_FLASH_ROW_SIZE))
                0x00001080                appl_start = (CY_APPL_NUM == 0x1)?appl1_start:appl2_start

.text           0x00001080     0x1a58
 CREATE_OBJECT_SYMBOLS
                0x00001080                PROVIDE (__cy_interrupt_vector, RomVectors)
 *(.romvectors)
 .romvectors    0x00001080       0x10 .\CortexM0\ARM_GCC_473\Debug\Cm0Start.o
                0x00001080                RomVectors
                0x00000001                ASSERT ((. != __cy_interrupt_vector), No interrupt vector)
                0x00000001                ASSERT (CY_APPL_ORIGIN?(SIZEOF (.cybootloader) <= CY_APPL_ORIGIN):0x1, Wrong image location)
                0x00001090                PROVIDE (__cy_reset, Reset)
 *(.text.Reset)
 .text.Reset    0x00001090       0x14 .\CortexM0\ARM_GCC_473\Debug\Cm0Start.o
                0x00001090                Reset
                0x00000001                ASSERT ((. != __cy_reset), No reset code)
 *(.psocinit)
 .psocinit      0x000010a4      0x2d0 .\CortexM0\ARM_GCC_473\Debug\USB-UART.a(cyfitter_cfg.o)
                0x00001224                cyfitter_cfg
                0x00001374                . = MAX (., 0x100)
 *(.text .text.* .gnu.linkonce.t.*)
 .text          0x00001374       0x60 c:/program files/cypress/psoc creator/3.0/psoc creator/import/gnu_cs/arm/4.7.3/bin/../lib/gcc/arm-none-eabi/4.7.3/armv6-m/crtbegin.o
 .text.main     0x000013d4       0x94 .\CortexM0\ARM_GCC_473\Debug\main.o
                0x000013d4                main
 .text.IntDefaultHandler
                0x00001468        0x8 .\CortexM0\ARM_GCC_473\Debug\Cm0Start.o
                0x00001468                IntDefaultHandler
 .text.Start_c  0x00001470       0xa4 .\CortexM0\ARM_GCC_473\Debug\Cm0Start.o
                0x00001470                Start_c
 .text.initialize_psoc
                0x00001514       0x74 .\CortexM0\ARM_GCC_473\Debug\Cm0Start.o
                0x00001514                initialize_psoc
 .text.CYMEMZERO
                0x00001588       0x20 .\CortexM0\ARM_GCC_473\Debug\USB-UART.a(cyfitter_cfg.o)
 .text.cfg_write_bytes32
                0x000015a8       0x80 .\CortexM0\ARM_GCC_473\Debug\USB-UART.a(cyfitter_cfg.o)
 .text.AnalogSetDefault
                0x00001628       0x10 .\CortexM0\ARM_GCC_473\Debug\USB-UART.a(cyfitter_cfg.o)
 .text.SetAnalogRoutingPumps
                0x00001638       0x70 .\CortexM0\ARM_GCC_473\Debug\USB-UART.a(cyfitter_cfg.o)
                0x00001638                SetAnalogRoutingPumps
 .text.UART_Init
                0x000016a8        0xc .\CortexM0\ARM_GCC_473\Debug\USB-UART.a(UART.o)
                0x000016a8                UART_Init
 .text.UART_Enable
                0x000016b4       0x20 .\CortexM0\ARM_GCC_473\Debug\USB-UART.a(UART.o)
                0x000016b4                UART_Enable
 .text.UART_Start
                0x000016d4       0x24 .\CortexM0\ARM_GCC_473\Debug\USB-UART.a(UART.o)
                0x000016d4                UART_Start
 .text.UART_ScbEnableIntr
                0x000016f8        0x8 .\CortexM0\ARM_GCC_473\Debug\USB-UART.a(UART.o)
 .text.UART_SpiUartWriteTxData
                0x00001700       0x2c .\CortexM0\ARM_GCC_473\Debug\USB-UART.a(UART_SPI_UART.o)
                0x00001700                UART_SpiUartWriteTxData
 .text.UART_UartInit
                0x0000172c       0xa8 .\CortexM0\ARM_GCC_473\Debug\USB-UART.a(UART_UART.o)
                0x0000172c                UART_UartInit
 .text.UART_UartPutString
                0x000017d4       0x34 .\CortexM0\ARM_GCC_473\Debug\USB-UART.a(UART_UART.o)
                0x000017d4                UART_UartPutString
 .text          0x00001808       0x20 .\CortexM0\ARM_GCC_473\Debug\USB-UART.a(CyBootAsmGnu.o)
                0x00001808                CyDelayCycles
                0x0000181a                CyEnterCriticalSection
                0x00001822                CyExitCriticalSection
 .text.CyIntSetVector
                0x00001828       0x4c .\CortexM0\ARM_GCC_473\Debug\USB-UART.a(CyLib.o)
                0x00001828                CyIntSetVector
 .text.CyIntSetPriority
                0x00001874       0xa8 .\CortexM0\ARM_GCC_473\Debug\USB-UART.a(CyLib.o)
                0x00001874                CyIntSetPriority
 .text.CyIntEnable
                0x0000191c       0x2c .\CortexM0\ARM_GCC_473\Debug\USB-UART.a(CyLib.o)
                0x0000191c                CyIntEnable
 .text.CyIntDisable
                0x00001948       0x2c .\CortexM0\ARM_GCC_473\Debug\USB-UART.a(CyLib.o)
                0x00001948                CyIntDisable
 .text.CyHalt   0x00001974       0x14 .\CortexM0\ARM_GCC_473\Debug\USB-UART.a(CyLib.o)
                0x00001974                CyHalt
 .text.CyDelayUs
                0x00001988       0x28 .\CortexM0\ARM_GCC_473\Debug\USB-UART.a(CyLib.o)
                0x00001988                CyDelayUs
 .text.CapSense_Init
                0x000019b0       0x3c .\CortexM0\ARM_GCC_473\Debug\USB-UART.a(CapSense.o)
                0x000019b0                CapSense_Init
 .text.CapSense_CsdHwBlockInit
                0x000019ec       0xc0 .\CortexM0\ARM_GCC_473\Debug\USB-UART.a(CapSense.o)
                0x000019ec                CapSense_CsdHwBlockInit
 .text.CapSense_Enable
                0x00001aac       0x50 .\CortexM0\ARM_GCC_473\Debug\USB-UART.a(CapSense.o)
                0x00001aac                CapSense_Enable
 .text.CapSense_Start
                0x00001afc       0x34 .\CortexM0\ARM_GCC_473\Debug\USB-UART.a(CapSense.o)
                0x00001afc                CapSense_Start
 .text.CapSense_FindNextSensor
                0x00001b30       0x4c .\CortexM0\ARM_GCC_473\Debug\USB-UART.a(CapSense.o)
                0x00001b30                CapSense_FindNextSensor
 .text.CapSense_ScanEnabledWidgets
                0x00001b7c       0x58 .\CortexM0\ARM_GCC_473\Debug\USB-UART.a(CapSense.o)
                0x00001b7c                CapSense_ScanEnabledWidgets
 .text.CapSense_IsBusy
                0x00001bd4       0x1c .\CortexM0\ARM_GCC_473\Debug\USB-UART.a(CapSense.o)
                0x00001bd4                CapSense_IsBusy
 .text.CapSense_ReadSensorRaw
                0x00001bf0       0x1c .\CortexM0\ARM_GCC_473\Debug\USB-UART.a(CapSense.o)
                0x00001bf0                CapSense_ReadSensorRaw
 .text.CapSense_ClearSensors
                0x00001c0c       0x28 .\CortexM0\ARM_GCC_473\Debug\USB-UART.a(CapSense.o)
                0x00001c0c                CapSense_ClearSensors
 .text.CapSense_EnableSensor
                0x00001c34       0xcc .\CortexM0\ARM_GCC_473\Debug\USB-UART.a(CapSense.o)
                0x00001c34                CapSense_EnableSensor
 .text.CapSense_DisableSensor
                0x00001d00      0x124 .\CortexM0\ARM_GCC_473\Debug\USB-UART.a(CapSense.o)
                0x00001d00                CapSense_DisableSensor
 .text.CapSense_PreScan
                0x00001e24      0x108 .\CortexM0\ARM_GCC_473\Debug\USB-UART.a(CapSense.o)
                0x00001e24                CapSense_PreScan
 .text.CapSense_PostScan
                0x00001f2c       0x74 .\CortexM0\ARM_GCC_473\Debug\USB-UART.a(CapSense.o)
                0x00001f2c                CapSense_PostScan
 .text.CapSense_SetShieldDelay
                0x00001fa0       0x30 .\CortexM0\ARM_GCC_473\Debug\USB-UART.a(CapSense.o)
                0x00001fa0                CapSense_SetShieldDelay
 .text.CapSense_GetBitValue
                0x00001fd0       0x44 .\CortexM0\ARM_GCC_473\Debug\USB-UART.a(CapSense.o)
                0x00001fd0                CapSense_GetBitValue
 .text.CapSense_ISR
                0x00002014       0xd4 .\CortexM0\ARM_GCC_473\Debug\USB-UART.a(CapSense_INT.o)
                0x00002014                CapSense_ISR
 .text.CapSense_SampleClk_Start
                0x000020e8       0x1c .\CortexM0\ARM_GCC_473\Debug\USB-UART.a(CapSense_SampleClk.o)
                0x000020e8                CapSense_SampleClk_Start
 .text.CapSense_SampleClk_Stop
                0x00002104       0x18 .\CortexM0\ARM_GCC_473\Debug\USB-UART.a(CapSense_SampleClk.o)
                0x00002104                CapSense_SampleClk_Stop
 .text.CapSense_SampleClk_SetFractionalDividerRegister
                0x0000211c       0x38 .\CortexM0\ARM_GCC_473\Debug\USB-UART.a(CapSense_SampleClk.o)
                0x0000211c                CapSense_SampleClk_SetFractionalDividerRegister
 .text.CapSense_SenseClk_Start
                0x00002154       0x1c .\CortexM0\ARM_GCC_473\Debug\USB-UART.a(CapSense_SenseClk.o)
                0x00002154                CapSense_SenseClk_Start
 .text.CapSense_SenseClk_Stop
                0x00002170       0x18 .\CortexM0\ARM_GCC_473\Debug\USB-UART.a(CapSense_SenseClk.o)
                0x00002170                CapSense_SenseClk_Stop
 .text.CapSense_SenseClk_SetFractionalDividerRegister
                0x00002188       0x38 .\CortexM0\ARM_GCC_473\Debug\USB-UART.a(CapSense_SenseClk.o)
                0x00002188                CapSense_SenseClk_SetFractionalDividerRegister
 .text          0x000021c0       0x9c c:/program files/cypress/psoc creator/3.0/psoc creator/import/gnu_cs/arm/4.7.3/bin/../lib/gcc/arm-none-eabi/4.7.3/armv6-m\libgcc.a(_udivsi3.o)
                0x000021c0                __aeabi_uidiv
                0x000021c0                __udivsi3
                0x00002248                __aeabi_uidivmod
 .text          0x0000225c        0x4 c:/program files/cypress/psoc creator/3.0/psoc creator/import/gnu_cs/arm/4.7.3/bin/../lib/gcc/arm-none-eabi/4.7.3/armv6-m\libgcc.a(_dvmd_tls.o)
                0x0000225c                __aeabi_idiv0
                0x0000225c                __aeabi_ldiv0
 .text.__libc_init_array
                0x00002260       0x4c c:/program files/cypress/psoc creator/3.0/psoc creator/import/gnu_cs/arm/4.7.3/bin/../lib/gcc/arm-none-eabi/4.7.3/../../../../arm-none-eabi/lib/armv6-m\libc_s.a(lib_a-init.o)
                0x00002260                __libc_init_array
 .text.memcpy   0x000022ac       0x12 c:/program files/cypress/psoc creator/3.0/psoc creator/import/gnu_cs/arm/4.7.3/bin/../lib/gcc/arm-none-eabi/4.7.3/../../../../arm-none-eabi/lib/armv6-m\libc_s.a(lib_a-memcpy.o)
                0x000022ac                memcpy
 .text.memset   0x000022be       0x12 c:/program files/cypress/psoc creator/3.0/psoc creator/import/gnu_cs/arm/4.7.3/bin/../lib/gcc/arm-none-eabi/4.7.3/../../../../arm-none-eabi/lib/armv6-m\libc_s.a(lib_a-memset.o)
                0x000022be                memset
 .text.sprintf  0x000022d0       0x44 c:/program files/cypress/psoc creator/3.0/psoc creator/import/gnu_cs/arm/4.7.3/bin/../lib/gcc/arm-none-eabi/4.7.3/../../../../arm-none-eabi/lib/armv6-m\libc_s.a(lib_a-sprintf.o)
                0x000022d0                siprintf
                0x000022d0                sprintf
 .text.__ssputc_r
                0x00002314       0xb0 c:/program files/cypress/psoc creator/3.0/psoc creator/import/gnu_cs/arm/4.7.3/bin/../lib/gcc/arm-none-eabi/4.7.3/../../../../arm-none-eabi/lib/armv6-m\libc_s.a(lib_a-svfprintf.o)
                0x00002314                __ssputc_r
 .text._svfprintf_r
                0x000023c4      0x1f8 c:/program files/cypress/psoc creator/3.0/psoc creator/import/gnu_cs/arm/4.7.3/bin/../lib/gcc/arm-none-eabi/4.7.3/../../../../arm-none-eabi/lib/armv6-m\libc_s.a(lib_a-svfprintf.o)
                0x000023c4                _svfiprintf_r
                0x000023c4                _svfprintf_r
 .text._printf_common
                0x000025bc       0xe0 c:/program files/cypress/psoc creator/3.0/psoc creator/import/gnu_cs/arm/4.7.3/bin/../lib/gcc/arm-none-eabi/4.7.3/../../../../arm-none-eabi/lib/armv6-m\libc_s.a(lib_a-vfprintf_i.o)
                0x000025bc                _printf_common
 .text._printf_i
                0x0000269c      0x234 c:/program files/cypress/psoc creator/3.0/psoc creator/import/gnu_cs/arm/4.7.3/bin/../lib/gcc/arm-none-eabi/4.7.3/../../../../arm-none-eabi/lib/armv6-m\libc_s.a(lib_a-vfprintf_i.o)
                0x0000269c                _printf_i
 .text._free_r  0x000028d0       0x90 c:/program files/cypress/psoc creator/3.0/psoc creator/import/gnu_cs/arm/4.7.3/bin/../lib/gcc/arm-none-eabi/4.7.3/../../../../arm-none-eabi/lib/armv6-m\libc_s.a(lib_a-freer.o)
                0x000028d0                _free_r
 .text._malloc_r
                0x00002960       0x94 c:/program files/cypress/psoc creator/3.0/psoc creator/import/gnu_cs/arm/4.7.3/bin/../lib/gcc/arm-none-eabi/4.7.3/../../../../arm-none-eabi/lib/armv6-m\libc_s.a(lib_a-mallocr.o)
                0x00002960                _malloc_r
 .text.memchr   0x000029f4       0x18 c:/program files/cypress/psoc creator/3.0/psoc creator/import/gnu_cs/arm/4.7.3/bin/../lib/gcc/arm-none-eabi/4.7.3/../../../../arm-none-eabi/lib/armv6-m\libc_s.a(lib_a-memchr.o)
                0x000029f4                memchr
 .text._realloc_r
                0x00002a0c       0x4c c:/program files/cypress/psoc creator/3.0/psoc creator/import/gnu_cs/arm/4.7.3/bin/../lib/gcc/arm-none-eabi/4.7.3/../../../../arm-none-eabi/lib/armv6-m\libc_s.a(lib_a-reallocr.o)
                0x00002a0c                _realloc_r
 .text._sbrk_r  0x00002a58       0x24 c:/program files/cypress/psoc creator/3.0/psoc creator/import/gnu_cs/arm/4.7.3/bin/../lib/gcc/arm-none-eabi/4.7.3/../../../../arm-none-eabi/lib/armv6-m\libc_s.a(lib_a-sbrkr.o)
                0x00002a58                _sbrk_r
 .text.strlen   0x00002a7c        0xe c:/program files/cypress/psoc creator/3.0/psoc creator/import/gnu_cs/arm/4.7.3/bin/../lib/gcc/arm-none-eabi/4.7.3/../../../../arm-none-eabi/lib/armv6-m\libc_s.a(lib_a-strlen.o)
                0x00002a7c                strlen
 .text._malloc_usable_size_r
                0x00002a8a       0x14 c:/program files/cypress/psoc creator/3.0/psoc creator/import/gnu_cs/arm/4.7.3/bin/../lib/gcc/arm-none-eabi/4.7.3/../../../../arm-none-eabi/lib/armv6-m\libc_s.a(lib_a-msizer.o)
                0x00002a8a                _malloc_usable_size_r
 *fill*         0x00002a9e        0x2 00
 .text._sbrk    0x00002aa0       0x38 c:/program files/cypress/psoc creator/3.0/psoc creator/import/gnu_cs/arm/4.7.3/bin/../lib/gcc/arm-none-eabi/4.7.3/../../../../arm-none-eabi/lib/armv6-m\libnosys.a(sbrk.o)
                0x00002aa0                _sbrk
 *(.plt)
 *(.gnu.warning)
 *(.glue_7t)
 .glue_7t       0x00000000        0x0 linker stubs
 *(.glue_7)
 .glue_7        0x00000000        0x0 linker stubs
 *(.vfp11_veneer)
 .vfp11_veneer  0x00000000        0x0 linker stubs
 *(.bootloader)
 *(.ARM.extab* .gnu.linkonce.armextab.*)
 *(.gcc_except_table)

.v4_bx          0x00002ad8        0x0
 .v4_bx         0x00000000        0x0 linker stubs

.iplt           0x00002ad8        0x0
 .iplt          0x00000000        0x0 c:/program files/cypress/psoc creator/3.0/psoc creator/import/gnu_cs/arm/4.7.3/bin/../lib/gcc/arm-none-eabi/4.7.3/armv6-m/crtbegin.o

.eh_frame_hdr
 *(.eh_frame_hdr)

.eh_frame       0x00002ad8        0x4
 *(.eh_frame)
 .eh_frame      0x00002ad8        0x0 c:/program files/cypress/psoc creator/3.0/psoc creator/import/gnu_cs/arm/4.7.3/bin/../lib/gcc/arm-none-eabi/4.7.3/armv6-m/crtbegin.o
 .eh_frame      0x00002ad8        0x4 c:/program files/cypress/psoc creator/3.0/psoc creator/import/gnu_cs/arm/4.7.3/bin/../lib/gcc/arm-none-eabi/4.7.3/armv6-m/crtend.o
                0x00002adc                PROVIDE (__exidx_start, .)

.ARM.exidx
 *(.ARM.exidx* .gnu.linkonce.armexidx.*)
                0x00002adc                __exidx_end = .

.rodata         0x00002adc      0x134
 *(.rodata .rodata.* .gnu.linkonce.r.*)
 .rodata        0x00002adc        0xc .\CortexM0\ARM_GCC_473\Debug\main.o
 .rodata        0x00002ae8       0x44 .\CortexM0\ARM_GCC_473\Debug\USB-UART.a(cyfitter_cfg.o)
 .rodata        0x00002b2c       0x78 .\CortexM0\ARM_GCC_473\Debug\USB-UART.a(CapSense.o)
                0x00002b2c                CapSense_portTable
                0x00002b30                CapSense_maskTable
                0x00002b40                CapSense_pinShiftTbl
                0x00002b44                CapSense_modulationIDAC
                0x00002b48                CapSense_compensationIDAC
                0x00002b4c                CapSense_widgetResolution
                0x00002b5c                CapSense_senseClkDividerVal
                0x00002b60                CapSense_sampleClkDividerVal
                0x00002b64                CapSense_widgetNumber
                0x00002b68                CapSense_prtSelTbl
                0x00002b7c                CapSense_prtCfgTbl
                0x00002b90                CapSense_prtDRTbl
 .rodata.str1.1
                0x00002ba4        0x2 c:/program files/cypress/psoc creator/3.0/psoc creator/import/gnu_cs/arm/4.7.3/bin/../lib/gcc/arm-none-eabi/4.7.3/../../../../arm-none-eabi/lib/armv6-m\libc_s.a(lib_a-impure.o)
 .rodata.str1.1
                0x00002ba6       0x11 c:/program files/cypress/psoc creator/3.0/psoc creator/import/gnu_cs/arm/4.7.3/bin/../lib/gcc/arm-none-eabi/4.7.3/../../../../arm-none-eabi/lib/armv6-m\libc_s.a(lib_a-svfprintf.o)
 .rodata.str1.1
                0x00002bb7       0x22 c:/program files/cypress/psoc creator/3.0/psoc creator/import/gnu_cs/arm/4.7.3/bin/../lib/gcc/arm-none-eabi/4.7.3/../../../../arm-none-eabi/lib/armv6-m\libc_s.a(lib_a-vfprintf_i.o)
                0x00002bdc                . = ALIGN (0x4)
 *fill*         0x00002bd9        0x3 00
 *(.init)
 .init          0x00002bdc        0x4 c:/program files/cypress/psoc creator/3.0/psoc creator/import/gnu_cs/arm/4.7.3/bin/../lib/gcc/arm-none-eabi/4.7.3/armv6-m/crti.o
                0x00002bdc                _init
 .init          0x00002be0        0x8 c:/program files/cypress/psoc creator/3.0/psoc creator/import/gnu_cs/arm/4.7.3/bin/../lib/gcc/arm-none-eabi/4.7.3/armv6-m/crtn.o
                0x00002be8                . = ALIGN (0x4)
                0x00002be8                __preinit_array_start = .
 *(.preinit_array)
                0x00002be8                __preinit_array_end = .
                0x00002be8                . = ALIGN (0x4)
                0x00002be8                __init_array_start = .
 *(SORT(.init_array.*))
 *(.init_array)
 .init_array    0x00002be8        0x4 c:/program files/cypress/psoc creator/3.0/psoc creator/import/gnu_cs/arm/4.7.3/bin/../lib/gcc/arm-none-eabi/4.7.3/armv6-m/crtbegin.o
 .init_array    0x00002bec        0x4 .\CortexM0\ARM_GCC_473\Debug\Cm0Start.o
                0x00002bf0                __init_array_end = .
                0x00002bf0                . = ALIGN (0x4)
 *(.fini)
 .fini          0x00002bf0        0x4 c:/program files/cypress/psoc creator/3.0/psoc creator/import/gnu_cs/arm/4.7.3/bin/../lib/gcc/arm-none-eabi/4.7.3/armv6-m/crti.o
                0x00002bf0                _fini
 .fini          0x00002bf4        0x8 c:/program files/cypress/psoc creator/3.0/psoc creator/import/gnu_cs/arm/4.7.3/bin/../lib/gcc/arm-none-eabi/4.7.3/armv6-m/crtn.o
                0x00002bfc                . = ALIGN (0x4)
                0x00002bfc                __fini_array_start = .
 *(.fini_array)
 .fini_array    0x00002bfc        0x4 c:/program files/cypress/psoc creator/3.0/psoc creator/import/gnu_cs/arm/4.7.3/bin/../lib/gcc/arm-none-eabi/4.7.3/armv6-m/crtbegin.o
 *(SORT(.fini_array.*))
                0x00002c00                __fini_array_end = .
                0x00002c00                . = ALIGN (0x4)
 *crtbegin.o(.ctors)
 *(EXCLUDE_FILE(*crtend.o) .ctors)
 *(SORT(.ctors.*))
 *crtend.o(.ctors)
                0x00002c00                . = ALIGN (0x4)
 *crtbegin.o(.dtors)
 *(EXCLUDE_FILE(*crtend.o) .dtors)
 *(SORT(.dtors.*))
 *crtend.o(.dtors)
                0x00002c00                . = ALIGN (0x4)
                0x00002c00                __cy_regions = .
                0x00002c00        0x4 LONG 0x2c10 __cy_region_init_ram
                0x00002c04        0x4 LONG 0x200000d0 __cy_region_start_data
                0x00002c08        0x4 LONG 0x98 __cy_region_init_size_ram
                0x00002c0c        0x4 LONG 0x98 __cy_region_zero_size_ram
                0x00002c10                __cy_regions_end = .
                0x00002c10                . = ALIGN (0x8)
                0x00002c10                _etext = .

.ramvectors     0x20000000       0xc0
                0x20000000                __cy_region_start_ram = .
 *(.ramvectors)
 .ramvectors    0x20000000       0xc0 .\CortexM0\ARM_GCC_473\Debug\Cm0Start.o
                0x20000000                CyRamVectors

.btldr_run      0x200000c0        0x4
 *(.bootloaderruntype)
 .bootloaderruntype
                0x200000c0        0x4 .\CortexM0\ARM_GCC_473\Debug\Cm0Start.o
                0x200000c0                cyBtldrRunType

.noinit         0x200000c8        0x4
 *(.noinit)
 .noinit        0x200000c8        0x4 .\CortexM0\ARM_GCC_473\Debug\Cm0Start.o

.data           0x200000d0       0x98 load address 0x00002c10
                0x200000d0                __cy_region_start_data = .
 *(.jcr)
 .jcr           0x200000d0        0x0 c:/program files/cypress/psoc creator/3.0/psoc creator/import/gnu_cs/arm/4.7.3/bin/../lib/gcc/arm-none-eabi/4.7.3/armv6-m/crtbegin.o
 .jcr           0x200000d0        0x4 c:/program files/cypress/psoc creator/3.0/psoc creator/import/gnu_cs/arm/4.7.3/bin/../lib/gcc/arm-none-eabi/4.7.3/armv6-m/crtend.o
 *(.got.plt)
 *(.got)
 *(.shdata)
 *(.data .data.* .gnu.linkonce.d.*)
 .data          0x200000d4        0x4 .\CortexM0\ARM_GCC_473\Debug\USB-UART.a(cyfitter_cfg.o)
 .data          0x200000d8       0x10 .\CortexM0\ARM_GCC_473\Debug\USB-UART.a(CyLib.o)
                0x200000d8                cydelayFreqHz
                0x200000dc                cydelayFreqKhz
                0x200000e0                cydelayFreqMhz
                0x200000e4                cydelay32kMs
 .data          0x200000e8       0x14 .\CortexM0\ARM_GCC_473\Debug\USB-UART.a(CapSense.o)
                0x200000e8                CapSense_sensorEnableMask
                0x200000ec                CapSense_pcTable
 .data.impure_data
                0x200000fc       0x64 c:/program files/cypress/psoc creator/3.0/psoc creator/import/gnu_cs/arm/4.7.3/bin/../lib/gcc/arm-none-eabi/4.7.3/../../../../arm-none-eabi/lib/armv6-m\libc_s.a(lib_a-impure.o)
 .data._impure_ptr
                0x20000160        0x4 c:/program files/cypress/psoc creator/3.0/psoc creator/import/gnu_cs/arm/4.7.3/bin/../lib/gcc/arm-none-eabi/4.7.3/../../../../arm-none-eabi/lib/armv6-m\libc_s.a(lib_a-impure.o)
                0x20000160                _impure_ptr
                0x20000168                . = ALIGN (0x8)
 *fill*         0x20000164        0x4 00
 *(.ram)
                0x20000168                _edata = .

.igot.plt       0x20000168        0x0 load address 0x00002ca8
 .igot.plt      0x00000000        0x0 c:/program files/cypress/psoc creator/3.0/psoc creator/import/gnu_cs/arm/4.7.3/bin/../lib/gcc/arm-none-eabi/4.7.3/armv6-m/crtbegin.o

.bss            0x20000168       0x98 load address 0x00002ca8
                0x20000168                PROVIDE (__bss_start__, .)
 *(.shbss)
 *(.bss .bss.* .gnu.linkonce.b.*)
 .bss           0x20000168       0x1c c:/program files/cypress/psoc creator/3.0/psoc creator/import/gnu_cs/arm/4.7.3/bin/../lib/gcc/arm-none-eabi/4.7.3/armv6-m/crtbegin.o
 .bss           0x20000184        0x8 .\CortexM0\ARM_GCC_473\Debug\USB-UART.a(UART.o)
                0x20000184                UART_initVar
                0x20000188                UART_customIntrHandler
 .bss           0x2000018c        0xc .\CortexM0\ARM_GCC_473\Debug\USB-UART.a(CapSense.o)
                0x2000018d                CapSense_csdStatusVar
                0x2000018e                CapSense_sensorIndex
                0x20000190                CapSense_sensorRaw
 .bss           0x20000198        0x1 .\CortexM0\ARM_GCC_473\Debug\USB-UART.a(CapSense_INT.o)
 *fill*         0x20000199        0x3 00
 .bss.__malloc_free_list
                0x2000019c        0x4 c:/program files/cypress/psoc creator/3.0/psoc creator/import/gnu_cs/arm/4.7.3/bin/../lib/gcc/arm-none-eabi/4.7.3/../../../../arm-none-eabi/lib/armv6-m\libc_s.a(lib_a-mallocr.o)
                0x2000019c                __malloc_free_list
 .bss.heap_end.4231
                0x200001a0        0x4 c:/program files/cypress/psoc creator/3.0/psoc creator/import/gnu_cs/arm/4.7.3/bin/../lib/gcc/arm-none-eabi/4.7.3/../../../../arm-none-eabi/lib/armv6-m\libnosys.a(sbrk.o)
 *(COMMON)
 COMMON         0x200001a4       0x4c .\CortexM0\ARM_GCC_473\Debug\main.o
                0x200001a4                k
                0x200001a8                buffer
                0x200001e8                capValue
 COMMON         0x200001f0        0xc .\CortexM0\ARM_GCC_473\Debug\USB-UART.a(CapSense.o)
                0x200001f0                CapSense_csdTrim1
                0x200001f4                CapSense_sensorEnableMaskBackup
                0x200001f8                CapSense_unscannedSnsDriveMode
 COMMON         0x200001fc        0x4 c:/program files/cypress/psoc creator/3.0/psoc creator/import/gnu_cs/arm/4.7.3/bin/../lib/gcc/arm-none-eabi/4.7.3/../../../../arm-none-eabi/lib/armv6-m\libc_s.a(lib_a-reent.o)
                0x200001fc                errno
                0x20000200                . = ALIGN (0x8)
 *(.ram.b)
                0x20000200                _end = .
                0x20000200                __end = .
                0x20000200                PROVIDE (end, .)
                0x20000200                PROVIDE (__bss_end__, .)
                0x00002c10                __cy_region_init_ram = LOADADDR (.data)
                0x00000098                __cy_region_init_size_ram = (_edata - ADDR (.data))
                0x00000098                __cy_region_zero_size_ram = (_end - _edata)

.heap           0x20000200      0x100 load address 0x00002ca8
                0x20000200                . = _end
                0x20000300                . = (. + 0x100)
 *fill*         0x20000200      0x100 00
                0x20000300                __cy_heap_limit = .

.stack          0x20000c00      0x400
                0x20000c00                __cy_stack_limit = .
                0x20001000                . = (. + 0x400)
 *fill*         0x20000c00      0x400 00
                0x00000001                ASSERT ((__cy_stack_limit >= __cy_heap_limit), region RAM overflowed with stack)

.cyloadermeta   0xf0000000       0x40
 *(.cyloadermeta)
 .cyloadermeta  0xf0000000       0x40 .\CortexM0\ARM_GCC_473\Debug\cybootloader.o
                0xf0000000                cy_meta_loader

.cyloadablemeta
                0x00007fc0       0x40
 *(.cyloadablemeta)
 .cyloadablemeta
                0x00007fc0       0x40 .\CortexM0\ARM_GCC_473\Debug\cymetadata.o
                0x00007fc0                cy_meta_loadable

.cyflashprotect
                0x90400000       0x20
 *(.cyflashprotect)
 .cyflashprotect
                0x90400000       0x20 .\CortexM0\ARM_GCC_473\Debug\cybootloader.o
                0x90400000                cy_meta_flashprotect

.cymeta         0x90500000        0xc
 *(.cymeta)
 .cymeta        0x90500000        0xc .\CortexM0\ARM_GCC_473\Debug\cybootloader.o
                0x90500000                cy_metadata

.cychipprotect  0x90600000        0x4
 *(.cychipprotect)
 .cychipprotect
                0x90600000        0x4 .\CortexM0\ARM_GCC_473\Debug\cybootloader.o
                0x90600000                cy_meta_chipprotect

.rel.dyn        0x00008000        0x0 load address 0x90600004
 .rel.iplt      0x00000000        0x0 c:/program files/cypress/psoc creator/3.0/psoc creator/import/gnu_cs/arm/4.7.3/bin/../lib/gcc/arm-none-eabi/4.7.3/armv6-m/crtbegin.o

.stab
 *(.stab)

.stabstr
 *(.stabstr)

.debug
 *(.debug)

.line
 *(.line)

.debug_srcinfo
 *(.debug_srcinfo)

.debug_sfnames
 *(.debug_sfnames)

.debug_aranges  0x00000000      0x640
 *(.debug_aranges)
 .debug_aranges
                0x00000000       0x20 .\CortexM0\ARM_GCC_473\Debug\main.o
 .debug_aranges
                0x00000020       0x40 .\CortexM0\ARM_GCC_473\Debug\Cm0Start.o
 .debug_aranges
                0x00000060       0x18 .\CortexM0\ARM_GCC_473\Debug\cybootloader.o
 .debug_aranges
                0x00000078       0x18 .\CortexM0\ARM_GCC_473\Debug\cymetadata.o
 .debug_aranges
                0x00000090       0x60 .\CortexM0\ARM_GCC_473\Debug\USB-UART.a(cyfitter_cfg.o)
 .debug_aranges
                0x000000f0       0x50 .\CortexM0\ARM_GCC_473\Debug\USB-UART.a(UART.o)
 .debug_aranges
                0x00000140       0x60 .\CortexM0\ARM_GCC_473\Debug\USB-UART.a(UART_SPI_UART.o)
 .debug_aranges
                0x000001a0       0x50 .\CortexM0\ARM_GCC_473\Debug\USB-UART.a(UART_UART.o)
 .debug_aranges
                0x000001f0       0x20 .\CortexM0\ARM_GCC_473\Debug\USB-UART.a(CyBootAsmGnu.o)
 .debug_aranges
                0x00000210      0x1a0 .\CortexM0\ARM_GCC_473\Debug\USB-UART.a(CyLib.o)
 .debug_aranges
                0x000003b0      0x118 .\CortexM0\ARM_GCC_473\Debug\USB-UART.a(CapSense.o)
 .debug_aranges
                0x000004c8       0xd8 .\CortexM0\ARM_GCC_473\Debug\USB-UART.a(CapSense_CSHL.o)
 .debug_aranges
                0x000005a0       0x20 .\CortexM0\ARM_GCC_473\Debug\USB-UART.a(CapSense_INT.o)
 .debug_aranges
                0x000005c0       0x40 .\CortexM0\ARM_GCC_473\Debug\USB-UART.a(CapSense_SampleClk.o)
 .debug_aranges
                0x00000600       0x40 .\CortexM0\ARM_GCC_473\Debug\USB-UART.a(CapSense_SenseClk.o)

.debug_pubnames
 *(.debug_pubnames)

.debug_info     0x00000000     0x3291
 *(.debug_info .gnu.linkonce.wi.*)
 .debug_info    0x00000000      0x15a .\CortexM0\ARM_GCC_473\Debug\main.o
 .debug_info    0x0000015a      0x2d2 .\CortexM0\ARM_GCC_473\Debug\Cm0Start.o
 .debug_info    0x0000042c      0x152 .\CortexM0\ARM_GCC_473\Debug\cybootloader.o
 .debug_info    0x0000057e       0xb2 .\CortexM0\ARM_GCC_473\Debug\cymetadata.o
 .debug_info    0x00000630      0x4af .\CortexM0\ARM_GCC_473\Debug\USB-UART.a(cyfitter_cfg.o)
 .debug_info    0x00000adf      0x197 .\CortexM0\ARM_GCC_473\Debug\USB-UART.a(UART.o)
 .debug_info    0x00000c76      0x23d .\CortexM0\ARM_GCC_473\Debug\USB-UART.a(UART_SPI_UART.o)
 .debug_info    0x00000eb3      0x224 .\CortexM0\ARM_GCC_473\Debug\USB-UART.a(UART_UART.o)
 .debug_info    0x000010d7       0x8f .\CortexM0\ARM_GCC_473\Debug\USB-UART.a(CyBootAsmGnu.o)
 .debug_info    0x00001166      0xac5 .\CortexM0\ARM_GCC_473\Debug\USB-UART.a(CyLib.o)
 .debug_info    0x00001c2b      0xa8b .\CortexM0\ARM_GCC_473\Debug\USB-UART.a(CapSense.o)
 .debug_info    0x000026b6      0x7e7 .\CortexM0\ARM_GCC_473\Debug\USB-UART.a(CapSense_CSHL.o)
 .debug_info    0x00002e9d      0x122 .\CortexM0\ARM_GCC_473\Debug\USB-UART.a(CapSense_INT.o)
 .debug_info    0x00002fbf      0x169 .\CortexM0\ARM_GCC_473\Debug\USB-UART.a(CapSense_SampleClk.o)
 .debug_info    0x00003128      0x169 .\CortexM0\ARM_GCC_473\Debug\USB-UART.a(CapSense_SenseClk.o)

.debug_abbrev   0x00000000      0xe1e
 *(.debug_abbrev)
 .debug_abbrev  0x00000000       0xca .\CortexM0\ARM_GCC_473\Debug\main.o
 .debug_abbrev  0x000000ca      0x175 .\CortexM0\ARM_GCC_473\Debug\Cm0Start.o
 .debug_abbrev  0x0000023f       0x77 .\CortexM0\ARM_GCC_473\Debug\cybootloader.o
 .debug_abbrev  0x000002b6       0x5d .\CortexM0\ARM_GCC_473\Debug\cymetadata.o
 .debug_abbrev  0x00000313      0x1b5 .\CortexM0\ARM_GCC_473\Debug\USB-UART.a(cyfitter_cfg.o)
 .debug_abbrev  0x000004c8       0xc5 .\CortexM0\ARM_GCC_473\Debug\USB-UART.a(UART.o)
 .debug_abbrev  0x0000058d      0x151 .\CortexM0\ARM_GCC_473\Debug\USB-UART.a(UART_SPI_UART.o)
 .debug_abbrev  0x000006de       0xee .\CortexM0\ARM_GCC_473\Debug\USB-UART.a(UART_UART.o)
 .debug_abbrev  0x000007cc       0x14 .\CortexM0\ARM_GCC_473\Debug\USB-UART.a(CyBootAsmGnu.o)
 .debug_abbrev  0x000007e0      0x1a2 .\CortexM0\ARM_GCC_473\Debug\USB-UART.a(CyLib.o)
 .debug_abbrev  0x00000982      0x16e .\CortexM0\ARM_GCC_473\Debug\USB-UART.a(CapSense.o)
 .debug_abbrev  0x00000af0      0x154 .\CortexM0\ARM_GCC_473\Debug\USB-UART.a(CapSense_CSHL.o)
 .debug_abbrev  0x00000c44       0x86 .\CortexM0\ARM_GCC_473\Debug\USB-UART.a(CapSense_INT.o)
 .debug_abbrev  0x00000cca       0xaa .\CortexM0\ARM_GCC_473\Debug\USB-UART.a(CapSense_SampleClk.o)
 .debug_abbrev  0x00000d74       0xaa .\CortexM0\ARM_GCC_473\Debug\USB-UART.a(CapSense_SenseClk.o)

.debug_line     0x00000000     0x15f4
 *(.debug_line)
 .debug_line    0x00000000       0x91 .\CortexM0\ARM_GCC_473\Debug\main.o
 .debug_line    0x00000091      0x196 .\CortexM0\ARM_GCC_473\Debug\Cm0Start.o
 .debug_line    0x00000227       0x55 .\CortexM0\ARM_GCC_473\Debug\cybootloader.o
 .debug_line    0x0000027c       0x53 .\CortexM0\ARM_GCC_473\Debug\cymetadata.o
 .debug_line    0x000002cf      0x1d2 .\CortexM0\ARM_GCC_473\Debug\USB-UART.a(cyfitter_cfg.o)
 .debug_line    0x000004a1       0xd6 .\CortexM0\ARM_GCC_473\Debug\USB-UART.a(UART.o)
 .debug_line    0x00000577      0x125 .\CortexM0\ARM_GCC_473\Debug\USB-UART.a(UART_SPI_UART.o)
 .debug_line    0x0000069c      0x101 .\CortexM0\ARM_GCC_473\Debug\USB-UART.a(UART_UART.o)
 .debug_line    0x0000079d       0x68 .\CortexM0\ARM_GCC_473\Debug\USB-UART.a(CyBootAsmGnu.o)
 .debug_line    0x00000805      0x541 .\CortexM0\ARM_GCC_473\Debug\USB-UART.a(CyLib.o)
 .debug_line    0x00000d46      0x3cb .\CortexM0\ARM_GCC_473\Debug\USB-UART.a(CapSense.o)
 .debug_line    0x00001111      0x2ee .\CortexM0\ARM_GCC_473\Debug\USB-UART.a(CapSense_CSHL.o)
 .debug_line    0x000013ff       0x80 .\CortexM0\ARM_GCC_473\Debug\USB-UART.a(CapSense_INT.o)
 .debug_line    0x0000147f       0xbb .\CortexM0\ARM_GCC_473\Debug\USB-UART.a(CapSense_SampleClk.o)
 .debug_line    0x0000153a       0xba .\CortexM0\ARM_GCC_473\Debug\USB-UART.a(CapSense_SenseClk.o)

.debug_frame    0x00000000     0x17d0
 *(.debug_frame)
 .debug_frame   0x00000000       0x38 .\CortexM0\ARM_GCC_473\Debug\main.o
 .debug_frame   0x00000038       0xa8 .\CortexM0\ARM_GCC_473\Debug\Cm0Start.o
 .debug_frame   0x000000e0      0x128 .\CortexM0\ARM_GCC_473\Debug\USB-UART.a(cyfitter_cfg.o)
 .debug_frame   0x00000208       0xd8 .\CortexM0\ARM_GCC_473\Debug\USB-UART.a(UART.o)
 .debug_frame   0x000002e0      0x128 .\CortexM0\ARM_GCC_473\Debug\USB-UART.a(UART_SPI_UART.o)
 .debug_frame   0x00000408       0xec .\CortexM0\ARM_GCC_473\Debug\USB-UART.a(UART_UART.o)
 .debug_frame   0x000004f4      0x628 .\CortexM0\ARM_GCC_473\Debug\USB-UART.a(CyLib.o)
 .debug_frame   0x00000b1c      0x408 .\CortexM0\ARM_GCC_473\Debug\USB-UART.a(CapSense.o)
 .debug_frame   0x00000f24      0x314 .\CortexM0\ARM_GCC_473\Debug\USB-UART.a(CapSense_CSHL.o)
 .debug_frame   0x00001238       0x2c .\CortexM0\ARM_GCC_473\Debug\USB-UART.a(CapSense_INT.o)
 .debug_frame   0x00001264       0xa0 .\CortexM0\ARM_GCC_473\Debug\USB-UART.a(CapSense_SampleClk.o)
 .debug_frame   0x00001304       0xa0 .\CortexM0\ARM_GCC_473\Debug\USB-UART.a(CapSense_SenseClk.o)
 .debug_frame   0x000013a4       0x20 c:/program files/cypress/psoc creator/3.0/psoc creator/import/gnu_cs/arm/4.7.3/bin/../lib/gcc/arm-none-eabi/4.7.3/armv6-m\libgcc.a(_udivsi3.o)
 .debug_frame   0x000013c4       0x20 c:/program files/cypress/psoc creator/3.0/psoc creator/import/gnu_cs/arm/4.7.3/bin/../lib/gcc/arm-none-eabi/4.7.3/armv6-m\libgcc.a(_divsi3.o)
 .debug_frame   0x000013e4       0x28 c:/program files/cypress/psoc creator/3.0/psoc creator/import/gnu_cs/arm/4.7.3/bin/../lib/gcc/arm-none-eabi/4.7.3/../../../../arm-none-eabi/lib/armv6-m\libc_s.a(lib_a-__atexit2.o)
 .debug_frame   0x0000140c       0x28 c:/program files/cypress/psoc creator/3.0/psoc creator/import/gnu_cs/arm/4.7.3/bin/../lib/gcc/arm-none-eabi/4.7.3/../../../../arm-none-eabi/lib/armv6-m\libc_s.a(lib_a-exit.o)
 .debug_frame   0x00001434       0x2c c:/program files/cypress/psoc creator/3.0/psoc creator/import/gnu_cs/arm/4.7.3/bin/../lib/gcc/arm-none-eabi/4.7.3/../../../../arm-none-eabi/lib/armv6-m\libc_s.a(lib_a-fini.o)
 .debug_frame   0x00001460       0x2c c:/program files/cypress/psoc creator/3.0/psoc creator/import/gnu_cs/arm/4.7.3/bin/../lib/gcc/arm-none-eabi/4.7.3/../../../../arm-none-eabi/lib/armv6-m\libc_s.a(lib_a-init.o)
 .debug_frame   0x0000148c       0x28 c:/program files/cypress/psoc creator/3.0/psoc creator/import/gnu_cs/arm/4.7.3/bin/../lib/gcc/arm-none-eabi/4.7.3/../../../../arm-none-eabi/lib/armv6-m\libc_s.a(lib_a-memcpy.o)
 .debug_frame   0x000014b4       0x28 c:/program files/cypress/psoc creator/3.0/psoc creator/import/gnu_cs/arm/4.7.3/bin/../lib/gcc/arm-none-eabi/4.7.3/../../../../arm-none-eabi/lib/armv6-m\libc_s.a(lib_a-memset.o)
 .debug_frame   0x000014dc       0x4c c:/program files/cypress/psoc creator/3.0/psoc creator/import/gnu_cs/arm/4.7.3/bin/../lib/gcc/arm-none-eabi/4.7.3/../../../../arm-none-eabi/lib/armv6-m\libc_s.a(lib_a-sprintf.o)
 .debug_frame   0x00001528       0x78 c:/program files/cypress/psoc creator/3.0/psoc creator/import/gnu_cs/arm/4.7.3/bin/../lib/gcc/arm-none-eabi/4.7.3/../../../../arm-none-eabi/lib/armv6-m\libc_s.a(lib_a-svfprintf.o)
 .debug_frame   0x000015a0       0x54 c:/program files/cypress/psoc creator/3.0/psoc creator/import/gnu_cs/arm/4.7.3/bin/../lib/gcc/arm-none-eabi/4.7.3/../../../../arm-none-eabi/lib/armv6-m\libc_s.a(lib_a-vfprintf_i.o)
 .debug_frame   0x000015f4       0x2c c:/program files/cypress/psoc creator/3.0/psoc creator/import/gnu_cs/arm/4.7.3/bin/../lib/gcc/arm-none-eabi/4.7.3/../../../../arm-none-eabi/lib/armv6-m\libc_s.a(lib_a-freer.o)
 .debug_frame   0x00001620       0x2c c:/program files/cypress/psoc creator/3.0/psoc creator/import/gnu_cs/arm/4.7.3/bin/../lib/gcc/arm-none-eabi/4.7.3/../../../../arm-none-eabi/lib/armv6-m\libc_s.a(lib_a-mallocr.o)
 .debug_frame   0x0000164c       0x28 c:/program files/cypress/psoc creator/3.0/psoc creator/import/gnu_cs/arm/4.7.3/bin/../lib/gcc/arm-none-eabi/4.7.3/../../../../arm-none-eabi/lib/armv6-m\libc_s.a(lib_a-memchr.o)
 .debug_frame   0x00001674       0x2c c:/program files/cypress/psoc creator/3.0/psoc creator/import/gnu_cs/arm/4.7.3/bin/../lib/gcc/arm-none-eabi/4.7.3/../../../../arm-none-eabi/lib/armv6-m\libc_s.a(lib_a-memmove.o)
 .debug_frame   0x000016a0       0x30 c:/program files/cypress/psoc creator/3.0/psoc creator/import/gnu_cs/arm/4.7.3/bin/../lib/gcc/arm-none-eabi/4.7.3/../../../../arm-none-eabi/lib/armv6-m\libc_s.a(lib_a-reallocr.o)
 .debug_frame   0x000016d0       0x2c c:/program files/cypress/psoc creator/3.0/psoc creator/import/gnu_cs/arm/4.7.3/bin/../lib/gcc/arm-none-eabi/4.7.3/../../../../arm-none-eabi/lib/armv6-m\libc_s.a(lib_a-sbrkr.o)
 .debug_frame   0x000016fc       0x20 c:/program files/cypress/psoc creator/3.0/psoc creator/import/gnu_cs/arm/4.7.3/bin/../lib/gcc/arm-none-eabi/4.7.3/../../../../arm-none-eabi/lib/armv6-m\libc_s.a(lib_a-strlen.o)
 .debug_frame   0x0000171c       0x28 c:/program files/cypress/psoc creator/3.0/psoc creator/import/gnu_cs/arm/4.7.3/bin/../lib/gcc/arm-none-eabi/4.7.3/../../../../arm-none-eabi/lib/armv6-m\libc_s.a(lib_a-msizer.o)
 .debug_frame   0x00001744       0x64 c:/program files/cypress/psoc creator/3.0/psoc creator/import/gnu_cs/arm/4.7.3/bin/../lib/gcc/arm-none-eabi/4.7.3/../../../../arm-none-eabi/lib/armv6-m\libc_s.a(lib_a-reent.o)
 .debug_frame   0x000017a8       0x28 c:/program files/cypress/psoc creator/3.0/psoc creator/import/gnu_cs/arm/4.7.3/bin/../lib/gcc/arm-none-eabi/4.7.3/../../../../arm-none-eabi/lib/armv6-m\libnosys.a(sbrk.o)

.debug_str      0x00000000     0x1915
 *(.debug_str)
 .debug_str     0x00000000      0x128 .\CortexM0\ARM_GCC_473\Debug\main.o
                                0x161 (size before relaxing)
 .debug_str     0x00000128      0x11f .\CortexM0\ARM_GCC_473\Debug\Cm0Start.o
                                0x260 (size before relaxing)
 .debug_str     0x00000247       0x7a .\CortexM0\ARM_GCC_473\Debug\cybootloader.o
                                0x1a7 (size before relaxing)
 .debug_str     0x000002c1       0x37 .\CortexM0\ARM_GCC_473\Debug\cymetadata.o
                                0x164 (size before relaxing)
 .debug_str     0x000002f8      0x1c0 .\CortexM0\ARM_GCC_473\Debug\USB-UART.a(cyfitter_cfg.o)
                                0x337 (size before relaxing)
 .debug_str     0x000004b8       0xb7 .\CortexM0\ARM_GCC_473\Debug\USB-UART.a(UART.o)
                                0x1fe (size before relaxing)
 .debug_str     0x0000056f      0x137 .\CortexM0\ARM_GCC_473\Debug\USB-UART.a(UART_SPI_UART.o)
                                0x27c (size before relaxing)
 .debug_str     0x000006a6       0xe9 .\CortexM0\ARM_GCC_473\Debug\USB-UART.a(UART_UART.o)
                                0x23a (size before relaxing)
 .debug_str     0x0000078f      0x4ee .\CortexM0\ARM_GCC_473\Debug\USB-UART.a(CyLib.o)
                                0x664 (size before relaxing)
 .debug_str     0x00000c7d      0x623 .\CortexM0\ARM_GCC_473\Debug\USB-UART.a(CapSense.o)
                                0x78b (size before relaxing)
 .debug_str     0x000012a0      0x43f .\CortexM0\ARM_GCC_473\Debug\USB-UART.a(CapSense_CSHL.o)
                                0x638 (size before relaxing)
 .debug_str     0x000016df       0x4a .\CortexM0\ARM_GCC_473\Debug\USB-UART.a(CapSense_INT.o)
                                0x1e9 (size before relaxing)
 .debug_str     0x00001729      0x10d .\CortexM0\ARM_GCC_473\Debug\USB-UART.a(CapSense_SampleClk.o)
                                0x245 (size before relaxing)
 .debug_str     0x00001836       0xdf .\CortexM0\ARM_GCC_473\Debug\USB-UART.a(CapSense_SenseClk.o)
                                0x23f (size before relaxing)

.debug_loc      0x00000000     0x1fdc
 *(.debug_loc)
 .debug_loc     0x00000000       0x38 .\CortexM0\ARM_GCC_473\Debug\main.o
 .debug_loc     0x00000038      0x100 .\CortexM0\ARM_GCC_473\Debug\Cm0Start.o
 .debug_loc     0x00000138      0x1e0 .\CortexM0\ARM_GCC_473\Debug\USB-UART.a(cyfitter_cfg.o)
 .debug_loc     0x00000318      0x140 .\CortexM0\ARM_GCC_473\Debug\USB-UART.a(UART.o)
 .debug_loc     0x00000458      0x1e0 .\CortexM0\ARM_GCC_473\Debug\USB-UART.a(UART_SPI_UART.o)
 .debug_loc     0x00000638      0x17c .\CortexM0\ARM_GCC_473\Debug\USB-UART.a(UART_UART.o)
 .debug_loc     0x000007b4      0xa34 .\CortexM0\ARM_GCC_473\Debug\USB-UART.a(CyLib.o)
 .debug_loc     0x000011e8      0x6b8 .\CortexM0\ARM_GCC_473\Debug\USB-UART.a(CapSense.o)
 .debug_loc     0x000018a0      0x540 .\CortexM0\ARM_GCC_473\Debug\USB-UART.a(CapSense_CSHL.o)
 .debug_loc     0x00001de0       0x2c .\CortexM0\ARM_GCC_473\Debug\USB-UART.a(CapSense_INT.o)
 .debug_loc     0x00001e0c       0xe8 .\CortexM0\ARM_GCC_473\Debug\USB-UART.a(CapSense_SampleClk.o)
 .debug_loc     0x00001ef4       0xe8 .\CortexM0\ARM_GCC_473\Debug\USB-UART.a(CapSense_SenseClk.o)

.debug_macinfo
 *(.debug_macinfo)

.debug_ranges   0x00000000      0x530
 *(.debug_ranges)
 .debug_ranges  0x00000000       0x10 .\CortexM0\ARM_GCC_473\Debug\main.o
 .debug_ranges  0x00000010       0x30 .\CortexM0\ARM_GCC_473\Debug\Cm0Start.o
 .debug_ranges  0x00000040       0x50 .\CortexM0\ARM_GCC_473\Debug\USB-UART.a(cyfitter_cfg.o)
 .debug_ranges  0x00000090       0x40 .\CortexM0\ARM_GCC_473\Debug\USB-UART.a(UART.o)
 .debug_ranges  0x000000d0       0x50 .\CortexM0\ARM_GCC_473\Debug\USB-UART.a(UART_SPI_UART.o)
 .debug_ranges  0x00000120       0x40 .\CortexM0\ARM_GCC_473\Debug\USB-UART.a(UART_UART.o)
 .debug_ranges  0x00000160      0x190 .\CortexM0\ARM_GCC_473\Debug\USB-UART.a(CyLib.o)
 .debug_ranges  0x000002f0      0x108 .\CortexM0\ARM_GCC_473\Debug\USB-UART.a(CapSense.o)
 .debug_ranges  0x000003f8       0xc8 .\CortexM0\ARM_GCC_473\Debug\USB-UART.a(CapSense_CSHL.o)
 .debug_ranges  0x000004c0       0x10 .\CortexM0\ARM_GCC_473\Debug\USB-UART.a(CapSense_INT.o)
 .debug_ranges  0x000004d0       0x30 .\CortexM0\ARM_GCC_473\Debug\USB-UART.a(CapSense_SampleClk.o)
 .debug_ranges  0x00000500       0x30 .\CortexM0\ARM_GCC_473\Debug\USB-UART.a(CapSense_SenseClk.o)

.comment        0x00000000       0x70
 .comment       0x00000000       0x70 .\CortexM0\ARM_GCC_473\Debug\main.o
                                 0x71 (size before relaxing)
 .comment       0x00000000       0x71 .\CortexM0\ARM_GCC_473\Debug\Cm0Start.o
 .comment       0x00000000       0x71 .\CortexM0\ARM_GCC_473\Debug\cybootloader.o
 .comment       0x00000000       0x71 .\CortexM0\ARM_GCC_473\Debug\cymetadata.o
 .comment       0x00000000       0x71 .\CortexM0\ARM_GCC_473\Debug\USB-UART.a(cyfitter_cfg.o)
 .comment       0x00000000       0x71 .\CortexM0\ARM_GCC_473\Debug\USB-UART.a(UART.o)
 .comment       0x00000000       0x71 .\CortexM0\ARM_GCC_473\Debug\USB-UART.a(UART_SPI_UART.o)
 .comment       0x00000000       0x71 .\CortexM0\ARM_GCC_473\Debug\USB-UART.a(UART_UART.o)
 .comment       0x00000000       0x71 .\CortexM0\ARM_GCC_473\Debug\USB-UART.a(CyLib.o)
 .comment       0x00000000       0x71 .\CortexM0\ARM_GCC_473\Debug\USB-UART.a(CapSense.o)
 .comment       0x00000000       0x71 .\CortexM0\ARM_GCC_473\Debug\USB-UART.a(CapSense_CSHL.o)
 .comment       0x00000000       0x71 .\CortexM0\ARM_GCC_473\Debug\USB-UART.a(CapSense_INT.o)
 .comment       0x00000000       0x71 .\CortexM0\ARM_GCC_473\Debug\USB-UART.a(CapSense_SampleClk.o)
 .comment       0x00000000       0x71 .\CortexM0\ARM_GCC_473\Debug\USB-UART.a(CapSense_SenseClk.o)

.debug_weaknames
 *(.debug_weaknames)

.debug_funcnames
 *(.debug_funcnames)

.debug_typenames
 *(.debug_typenames)

.debug_varnames
 *(.debug_varnames)

.note.gnu.arm.ident
 *(.note.gnu.arm.ident)

.ARM.attributes
                0x00000000       0x28
 *(.ARM.attributes)
 .ARM.attributes
                0x00000000       0x1e c:/program files/cypress/psoc creator/3.0/psoc creator/import/gnu_cs/arm/4.7.3/bin/../lib/gcc/arm-none-eabi/4.7.3/armv6-m/crti.o
 .ARM.attributes
                0x0000001e       0x2c c:/program files/cypress/psoc creator/3.0/psoc creator/import/gnu_cs/arm/4.7.3/bin/../lib/gcc/arm-none-eabi/4.7.3/armv6-m/crtbegin.o
 .ARM.attributes
                0x0000004a       0x1c c:/program files/cypress/psoc creator/3.0/psoc creator/import/gnu_cs/arm/4.7.3/bin/../lib/gcc/arm-none-eabi/4.7.3/../../../../arm-none-eabi/lib/armv6-m/crt0.o
 .ARM.attributes
                0x00000066       0x31 .\CortexM0\ARM_GCC_473\Debug\main.o
 .ARM.attributes
                0x00000097       0x31 .\CortexM0\ARM_GCC_473\Debug\Cm0Start.o
 .ARM.attributes
                0x000000c8       0x31 .\CortexM0\ARM_GCC_473\Debug\cybootloader.o
 .ARM.attributes
                0x000000f9       0x31 .\CortexM0\ARM_GCC_473\Debug\cymetadata.o
 .ARM.attributes
                0x0000012a       0x31 .\CortexM0\ARM_GCC_473\Debug\USB-UART.a(cyfitter_cfg.o)
 .ARM.attributes
                0x0000015b       0x31 .\CortexM0\ARM_GCC_473\Debug\USB-UART.a(UART.o)
 .ARM.attributes
                0x0000018c       0x31 .\CortexM0\ARM_GCC_473\Debug\USB-UART.a(UART_SPI_UART.o)
 .ARM.attributes
                0x000001bd       0x31 .\CortexM0\ARM_GCC_473\Debug\USB-UART.a(UART_UART.o)
 .ARM.attributes
                0x000001ee       0x21 .\CortexM0\ARM_GCC_473\Debug\USB-UART.a(CyBootAsmGnu.o)
 .ARM.attributes
                0x0000020f       0x31 .\CortexM0\ARM_GCC_473\Debug\USB-UART.a(CyLib.o)
 .ARM.attributes
                0x00000240       0x31 .\CortexM0\ARM_GCC_473\Debug\USB-UART.a(CapSense.o)
 .ARM.attributes
                0x00000271       0x31 .\CortexM0\ARM_GCC_473\Debug\USB-UART.a(CapSense_CSHL.o)
 .ARM.attributes
                0x000002a2       0x31 .\CortexM0\ARM_GCC_473\Debug\USB-UART.a(CapSense_INT.o)
 .ARM.attributes
                0x000002d3       0x31 .\CortexM0\ARM_GCC_473\Debug\USB-UART.a(CapSense_SampleClk.o)
 .ARM.attributes
                0x00000304       0x31 .\CortexM0\ARM_GCC_473\Debug\USB-UART.a(CapSense_SenseClk.o)
 .ARM.attributes
                0x00000335       0x1e c:/program files/cypress/psoc creator/3.0/psoc creator/import/gnu_cs/arm/4.7.3/bin/../lib/gcc/arm-none-eabi/4.7.3/armv6-m\libgcc.a(_udivsi3.o)
 .ARM.attributes
                0x00000353       0x1e c:/program files/cypress/psoc creator/3.0/psoc creator/import/gnu_cs/arm/4.7.3/bin/../lib/gcc/arm-none-eabi/4.7.3/armv6-m\libgcc.a(_divsi3.o)
 .ARM.attributes
                0x00000371       0x1e c:/program files/cypress/psoc creator/3.0/psoc creator/import/gnu_cs/arm/4.7.3/bin/../lib/gcc/arm-none-eabi/4.7.3/armv6-m\libgcc.a(_dvmd_tls.o)
 .ARM.attributes
                0x0000038f       0x2c c:/program files/cypress/psoc creator/3.0/psoc creator/import/gnu_cs/arm/4.7.3/bin/../lib/gcc/arm-none-eabi/4.7.3/../../../../arm-none-eabi/lib/armv6-m\libc_s.a(lib_a-__atexit2.o)
 .ARM.attributes
                0x000003bb       0x2c c:/program files/cypress/psoc creator/3.0/psoc creator/import/gnu_cs/arm/4.7.3/bin/../lib/gcc/arm-none-eabi/4.7.3/../../../../arm-none-eabi/lib/armv6-m\libc_s.a(lib_a-exit.o)
 .ARM.attributes
                0x000003e7       0x2c c:/program files/cypress/psoc creator/3.0/psoc creator/import/gnu_cs/arm/4.7.3/bin/../lib/gcc/arm-none-eabi/4.7.3/../../../../arm-none-eabi/lib/armv6-m\libc_s.a(lib_a-fini.o)
 .ARM.attributes
                0x00000413       0x2c c:/program files/cypress/psoc creator/3.0/psoc creator/import/gnu_cs/arm/4.7.3/bin/../lib/gcc/arm-none-eabi/4.7.3/../../../../arm-none-eabi/lib/armv6-m\libc_s.a(lib_a-impure.o)
 .ARM.attributes
                0x0000043f       0x2c c:/program files/cypress/psoc creator/3.0/psoc creator/import/gnu_cs/arm/4.7.3/bin/../lib/gcc/arm-none-eabi/4.7.3/../../../../arm-none-eabi/lib/armv6-m\libc_s.a(lib_a-init.o)
 .ARM.attributes
                0x0000046b       0x2c c:/program files/cypress/psoc creator/3.0/psoc creator/import/gnu_cs/arm/4.7.3/bin/../lib/gcc/arm-none-eabi/4.7.3/../../../../arm-none-eabi/lib/armv6-m\libc_s.a(lib_a-memcpy.o)
 .ARM.attributes
                0x00000497       0x2c c:/program files/cypress/psoc creator/3.0/psoc creator/import/gnu_cs/arm/4.7.3/bin/../lib/gcc/arm-none-eabi/4.7.3/../../../../arm-none-eabi/lib/armv6-m\libc_s.a(lib_a-memset.o)
 .ARM.attributes
                0x000004c3       0x2c c:/program files/cypress/psoc creator/3.0/psoc creator/import/gnu_cs/arm/4.7.3/bin/../lib/gcc/arm-none-eabi/4.7.3/../../../../arm-none-eabi/lib/armv6-m\libc_s.a(lib_a-sprintf.o)
 .ARM.attributes
                0x000004ef       0x2c c:/program files/cypress/psoc creator/3.0/psoc creator/import/gnu_cs/arm/4.7.3/bin/../lib/gcc/arm-none-eabi/4.7.3/../../../../arm-none-eabi/lib/armv6-m\libc_s.a(lib_a-svfprintf.o)
 .ARM.attributes
                0x0000051b       0x2c c:/program files/cypress/psoc creator/3.0/psoc creator/import/gnu_cs/arm/4.7.3/bin/../lib/gcc/arm-none-eabi/4.7.3/../../../../arm-none-eabi/lib/armv6-m\libc_s.a(lib_a-vfprintf_i.o)
 .ARM.attributes
                0x00000547       0x2c c:/program files/cypress/psoc creator/3.0/psoc creator/import/gnu_cs/arm/4.7.3/bin/../lib/gcc/arm-none-eabi/4.7.3/../../../../arm-none-eabi/lib/armv6-m\libc_s.a(lib_a-freer.o)
 .ARM.attributes
                0x00000573       0x2c c:/program files/cypress/psoc creator/3.0/psoc creator/import/gnu_cs/arm/4.7.3/bin/../lib/gcc/arm-none-eabi/4.7.3/../../../../arm-none-eabi/lib/armv6-m\libc_s.a(lib_a-mallocr.o)
 .ARM.attributes
                0x0000059f       0x2c c:/program files/cypress/psoc creator/3.0/psoc creator/import/gnu_cs/arm/4.7.3/bin/../lib/gcc/arm-none-eabi/4.7.3/../../../../arm-none-eabi/lib/armv6-m\libc_s.a(lib_a-memchr.o)
 .ARM.attributes
                0x000005cb       0x2c c:/program files/cypress/psoc creator/3.0/psoc creator/import/gnu_cs/arm/4.7.3/bin/../lib/gcc/arm-none-eabi/4.7.3/../../../../arm-none-eabi/lib/armv6-m\libc_s.a(lib_a-memmove.o)
 .ARM.attributes
                0x000005f7       0x2c c:/program files/cypress/psoc creator/3.0/psoc creator/import/gnu_cs/arm/4.7.3/bin/../lib/gcc/arm-none-eabi/4.7.3/../../../../arm-none-eabi/lib/armv6-m\libc_s.a(lib_a-reallocr.o)
 .ARM.attributes
                0x00000623       0x2c c:/program files/cypress/psoc creator/3.0/psoc creator/import/gnu_cs/arm/4.7.3/bin/../lib/gcc/arm-none-eabi/4.7.3/../../../../arm-none-eabi/lib/armv6-m\libc_s.a(lib_a-sbrkr.o)
 .ARM.attributes
                0x0000064f       0x2c c:/program files/cypress/psoc creator/3.0/psoc creator/import/gnu_cs/arm/4.7.3/bin/../lib/gcc/arm-none-eabi/4.7.3/../../../../arm-none-eabi/lib/armv6-m\libc_s.a(lib_a-strlen.o)
 .ARM.attributes
                0x0000067b       0x2c c:/program files/cypress/psoc creator/3.0/psoc creator/import/gnu_cs/arm/4.7.3/bin/../lib/gcc/arm-none-eabi/4.7.3/../../../../arm-none-eabi/lib/armv6-m\libc_s.a(lib_a-msizer.o)
 .ARM.attributes
                0x000006a7       0x2c c:/program files/cypress/psoc creator/3.0/psoc creator/import/gnu_cs/arm/4.7.3/bin/../lib/gcc/arm-none-eabi/4.7.3/../../../../arm-none-eabi/lib/armv6-m\libc_s.a(lib_a-reent.o)
 .ARM.attributes
                0x000006d3       0x2c c:/program files/cypress/psoc creator/3.0/psoc creator/import/gnu_cs/arm/4.7.3/bin/../lib/gcc/arm-none-eabi/4.7.3/armv6-m/crtend.o
 .ARM.attributes
                0x000006ff       0x1e c:/program files/cypress/psoc creator/3.0/psoc creator/import/gnu_cs/arm/4.7.3/bin/../lib/gcc/arm-none-eabi/4.7.3/armv6-m/crtn.o
 .ARM.attributes
                0x0000071d       0x2c c:/program files/cypress/psoc creator/3.0/psoc creator/import/gnu_cs/arm/4.7.3/bin/../lib/gcc/arm-none-eabi/4.7.3/../../../../arm-none-eabi/lib/armv6-m\libnosys.a(sbrk.o)

/DISCARD/
 *(.note.GNU-stack)
OUTPUT(.\CortexM0\ARM_GCC_473\Debug\USB-UART.elf elf32-littlearm)
